[themazine.com/html/pinaz/index.html]
[backblue.gif]
[fade.gif]
[index.html]
[themazine.com/html/pinaz/images/fav-icon/icon.png]
[themazine.com/html/pinaz/css/style.css]
[themazine.com/html/pinaz/css/responsive.css]
[themazine.com/html/pinaz/index-2.html]
[themazine.com/html/pinaz/images/logo/logo.png]
[themazine.com/html/pinaz/index-3.html]
[themazine.com/html/pinaz/service.html]
[themazine.com/html/pinaz/service-details.html]
[themazine.com/html/pinaz/about.html]
[themazine.com/html/pinaz/team.html]
[themazine.com/html/pinaz/faq.html]
[themazine.com/html/pinaz/404.html]
[themazine.com/html/pinaz/shop.html]
[themazine.com/html/pinaz/shop-single.html]
[themazine.com/html/pinaz/project-v1.html]
[themazine.com/html/pinaz/project-v2.html]
[themazine.com/html/pinaz/project-details.html]
[themazine.com/html/pinaz/blog-list.html]
[themazine.com/html/pinaz/blog-details.html]
[themazine.com/html/pinaz/contact.html]
[themazine.com/html/pinaz/images/home/slide-1.jpg]
[themazine.com/html/pinaz/images/home/slide-2.jpg]
[themazine.com/html/pinaz/images/home/slide-3.jpg]
[themazine.com/html/pinaz/images/icon/1.png]
[themazine.com/html/pinaz/images/icon/2.png]
[themazine.com/html/pinaz/images/icon/3.png]
[themazine.com/html/pinaz/images/project/1.jpg]
[themazine.com/html/pinaz/images/project/2.jpg]
[themazine.com/html/pinaz/images/project/3.jpg]
[themazine.com/html/pinaz/images/home/3.jpg]
[themazine.com/html/pinaz/images/logo/p1.jpg]
[themazine.com/html/pinaz/images/logo/p2.jpg]
[themazine.com/html/pinaz/images/logo/p3.jpg]
[themazine.com/html/pinaz/images/logo/p4.jpg]
[themazine.com/html/pinaz/images/blog/1.jpg]
[themazine.com/html/pinaz/images/blog/2.jpg]
[themazine.com/html/pinaz/images/blog/3.jpg]
[themazine.com/html/pinaz/vendor/bootstrap/bootstrap.min.js]
[themazine.com/html/pinaz/vendor/bootstrap-select/dist/js/bootstrap-select.js]
[themazine.com/html/pinaz/vendor/Camera-master/scripts/jquery.easing.1.3.js]
[themazine.com/html/pinaz/vendor/Camera-master/scripts/camera.min.js]
[themazine.com/html/pinaz/vendor/bootstrap-mega-menu/js/menu.js]
[themazine.com/html/pinaz/vendor/Camera-master/scripts/jquery.mobile.customized.min.js]
[themazine.com/html/pinaz/vendor/WOW-master/dist/wow.min.js]
[themazine.com/html/pinaz/vendor/owl-carousel/owl.carousel.min.js]
[themazine.com/html/pinaz/vendor/circle-progress.js]
[themazine.com/html/pinaz/vendor/jquery.appear.js]
[themazine.com/html/pinaz/vendor/jquery.countTo.js]
[themazine.com/html/pinaz/index.html]
[themazine.com/html/pinaz/js/theme.js]
[themazine.com/html/pinaz/vendor/bootstrap/bootstrap.css]
[themazine.com/html/pinaz/vendor/bootstrap-select/dist/css/bootstrap-select.css]
[themazine.com/html/pinaz/vendor/Camera-master/css/camera.css]
[themazine.com/html/pinaz/vendor/bootstrap-mega-menu/css/menu.css]
[themazine.com/html/pinaz/fonts/font-awesome/css/font-awesome.min.css]
[themazine.com/html/pinaz/vendor/owl-carousel/owl.carousel.css]
[themazine.com/html/pinaz/vendor/owl-carousel/owl.theme.css]
[themazine.com/html/pinaz/vendor/WOW-master/css/libs/animate.css]
[themazine.com/html/pinaz/fonts/icon/font/flaticon.css]
[themazine.com/html/pinaz/vendor/sanzzy-map/dist/snazzy-info-window.min.css]
[themazine.com/html/pinaz/images/1.gif]
[themazine.com/html/pinaz/fonts/font-awesome/fonts/fontawesome-webfont.ttf]
[themazine.com/html/pinaz/fonts/font-awesome/fonts/fontawesome-webfont.eot]
[themazine.com/html/pinaz/fonts/font-awesome/fonts/fontawesome-webfont.woff]
[themazine.com/html/pinaz/images/home/1.jpg]
[themazine.com/html/pinaz/images/home/2.jpg]
[themazine.com/html/pinaz/images/home/4.jpg]
[themazine.com/html/pinaz/images/home/inner-banner.jpg]
[themazine.com/html/pinaz/images/home/7.jpg]
[themazine.com/html/pinaz/css/style.css]
[themazine.com/html/pinaz/css/responsive.css]
[themazine.com/html/pinaz/index-2.html]
[themazine.com/html/pinaz/images/home/slide-4.jpg]
[themazine.com/html/pinaz/images/service/3.jpg]
[themazine.com/html/pinaz/images/service/2.jpg]
[themazine.com/html/pinaz/images/service/1.jpg]
[themazine.com/html/pinaz/images/service/5.jpg]
[themazine.com/html/pinaz/images/service/6.jpg]
[themazine.com/html/pinaz/images/service/7.jpg]
[themazine.com/html/pinaz/images/logo/icon1.png]
[themazine.com/html/pinaz/index-3.html]
[themazine.com/html/pinaz/images/service/4.jpg]
[themazine.com/html/pinaz/images/service/8.jpg]
[themazine.com/html/pinaz/images/service/9.jpg]
[themazine.com/html/pinaz/service.html]
[themazine.com/html/pinaz/images/home/graph.jpg]
[themazine.com/html/pinaz/images/home/8.jpg]
[themazine.com/html/pinaz/service-details.html]
[themazine.com/html/pinaz/images/home/5.jpg]
[themazine.com/html/pinaz/images/home/6.jpg]
[themazine.com/html/pinaz/about.html]
[themazine.com/html/pinaz/images/team/1.jpg]
[themazine.com/html/pinaz/images/team/2.jpg]
[themazine.com/html/pinaz/images/team/3.jpg]
[themazine.com/html/pinaz/images/team/4.jpg]
[themazine.com/html/pinaz/images/team/5.jpg]
[themazine.com/html/pinaz/images/team/6.jpg]
[themazine.com/html/pinaz/team.html]
[themazine.com/html/pinaz/images/home/9.jpg]
[themazine.com/html/pinaz/faq.html]
[themazine.com/html/pinaz/images/home/404.jpg]
[themazine.com/html/pinaz/404.html]
[themazine.com/html/pinaz/images/shop/5.jpg]
[themazine.com/html/pinaz/images/shop/11.jpg]
[themazine.com/html/pinaz/images/shop/8.jpg]
[themazine.com/html/pinaz/images/shop/9.jpg]
[themazine.com/html/pinaz/images/shop/10.jpg]
[themazine.com/html/pinaz/images/shop/12.jpg]
[themazine.com/html/pinaz/images/shop/13.jpg]
[themazine.com/html/pinaz/images/shop/1.jpg]
[themazine.com/html/pinaz/images/shop/2.jpg]
[themazine.com/html/pinaz/images/shop/3.jpg]
[themazine.com/html/pinaz/images/shop/4.jpg]
[themazine.com/html/pinaz/shop.html]
[themazine.com/html/pinaz/images/shop/14.jpg]
[themazine.com/html/pinaz/shop-single.html]
[themazine.com/html/pinaz/images/project/4.jpg]
[themazine.com/html/pinaz/images/project/5.jpg]
[themazine.com/html/pinaz/images/project/6.jpg]
[themazine.com/html/pinaz/images/project/7.jpg]
[themazine.com/html/pinaz/images/project/8.jpg]
[themazine.com/html/pinaz/images/project/9.jpg]
[themazine.com/html/pinaz/project-v1.html]
[themazine.com/html/pinaz/images/project/10.jpg]
[themazine.com/html/pinaz/images/project/11.jpg]
[themazine.com/html/pinaz/images/project/12.jpg]
[themazine.com/html/pinaz/images/project/13.jpg]
[themazine.com/html/pinaz/images/project/14.jpg]
[themazine.com/html/pinaz/project-v2.html]
[themazine.com/html/pinaz/project-details.html]
[themazine.com/html/pinaz/images/blog/4.jpg]
[themazine.com/html/pinaz/images/blog/6.jpg]
[themazine.com/html/pinaz/blog-list.html]
[themazine.com/html/pinaz/images/blog/7.jpg]
[themazine.com/html/pinaz/blog-details.html]
[themazine.com/html/pinaz/vendor/sanzzy-map/dist/snazzy-info-window.min.js]
[themazine.com/html/pinaz/vendor/contact-form/jquery.form.js]
[themazine.com/html/pinaz/contact.html]
[themazine.com/html/pinaz/js/map-script.js]
[themazine.com/html/pinaz/vendor/fonts/glyphicons-halflings-regular.eot]
[themazine.com/html/pinaz/vendor/fonts/glyphicons-halflings-regulard41d.eot]
[themazine.com/html/pinaz/vendor/fonts/glyphicons-halflings-regular.woff2]
[themazine.com/html/pinaz/vendor/fonts/glyphicons-halflings-regular.woff]
[themazine.com/html/pinaz/vendor/fonts/glyphicons-halflings-regular.ttf]
[themazine.com/html/pinaz/vendor/fonts/glyphicons-halflings-regular.svg]
[themazine.com/html/pinaz/vendor/bootstrap/bootstrap.css]
[themazine.com/html/pinaz/vendor/bootstrap-select/dist/css/bootstrap-select.css]
[themazine.com/html/pinaz/vendor/Camera-master/images/blank.gif]
[themazine.com/html/pinaz/vendor/Camera-master/images/camera-loader.gif]
[themazine.com/html/pinaz/vendor/jquery.2.2.3.min.js]
[themazine.com/html/pinaz/vendor/Camera-master/images/camera_skins.png]
[themazine.com/html/pinaz/vendor/Camera-master/images/patterns/overlay1.png]
[themazine.com/html/pinaz/vendor/Camera-master/images/patterns/overlay2.png]
[themazine.com/html/pinaz/vendor/Camera-master/images/patterns/overlay3.png]
[themazine.com/html/pinaz/vendor/Camera-master/images/patterns/overlay5.png]
[themazine.com/html/pinaz/vendor/Camera-master/images/patterns/overlay6.png]
[themazine.com/html/pinaz/vendor/Camera-master/images/patterns/overlay7.png]
[themazine.com/html/pinaz/vendor/Camera-master/images/patterns/overlay8.png]
[themazine.com/html/pinaz/vendor/Camera-master/images/patterns/overlay9.png]
[themazine.com/html/pinaz/vendor/Camera-master/images/patterns/overlay10.png]
[themazine.com/html/pinaz/vendor/Camera-master/css/camera.css]
[themazine.com/html/pinaz/vendor/bootstrap-mega-menu/css/menu.css]
[themazine.com/html/pinaz/vendor/bootstrap-mega-menu/css/animate.css]
[themazine.com/html/pinaz/fonts/font-awesome/fonts/fontawesome-webfont914c.eot]
[themazine.com/html/pinaz/fonts/font-awesome/fonts/fontawesome-webfontd41d.eot]
[themazine.com/html/pinaz/fonts/font-awesome/fonts/fontawesome-webfont914c.woff2]
[themazine.com/html/pinaz/fonts/font-awesome/fonts/fontawesome-webfont914c.woff]
[themazine.com/html/pinaz/fonts/font-awesome/fonts/fontawesome-webfont914c.ttf]
[themazine.com/html/pinaz/fonts/font-awesome/css/font-awesome.min.css]
[themazine.com/html/pinaz/vendor/owl-carousel/owl.carousel.css]
[themazine.com/html/pinaz/vendor/owl-carousel/owl.theme.css]
[themazine.com/html/pinaz/vendor/WOW-master/css/libs/animate.css]
[themazine.com/html/pinaz/fonts/icon/font/Flaticon.eot]
[themazine.com/html/pinaz/fonts/icon/font/Flaticon.woff]
[themazine.com/html/pinaz/fonts/icon/font/Flaticond41d.eot]
[themazine.com/html/pinaz/fonts/icon/font/Flaticon.ttf]
[themazine.com/html/pinaz/fonts/icon/font/flaticon.css]
[themazine.com/html/pinaz/vendor/sanzzy-map/dist/snazzy-info-window.min.css]
[themazine.com/html/pinaz/fonts/font-awesome/fonts/fontawesome-webfont.svg]
[themazine.com/html/pinaz/images/shop/6.jpg]
[themazine.com/html/pinaz/fonts/font-awesome/fonts/fontawesome-webfont.woff2]
[themazine.com/html/pinaz/images/team/7.jpg]
[themazine.com/html/pinaz/images/project/15.jpg]
[themazine.com/html/pinaz/images/blog/5.jpg]
[themazine.com/html/pinaz/vendor/fonts/glyphicons-halflings-regular.html]
[themazine.com/html/pinaz/vendor/fonts/glyphicons-halflings-regulard41d.html]
[themazine.com/html/pinaz/vendor/fonts/glyphicons-halflings-regular-2.html]
[themazine.com/html/pinaz/vendor/fonts/glyphicons-halflings-regular-3.html]
[themazine.com/html/pinaz/vendor/fonts/glyphicons-halflings-regular-4.html]
[themazine.com/html/pinaz/vendor/fonts/glyphicons-halflings-regular-5.html]
[themazine.com/html/pinaz/vendor/Camera-master/images/patterns/overlay1.html]
[themazine.com/html/pinaz/vendor/Camera-master/images/patterns/overlay2.html]
[themazine.com/html/pinaz/vendor/Camera-master/images/patterns/overlay3.html]
[themazine.com/html/pinaz/vendor/Camera-master/images/patterns/overlay5.html]
[themazine.com/html/pinaz/vendor/Camera-master/images/patterns/overlay6.html]
[themazine.com/html/pinaz/vendor/Camera-master/images/patterns/overlay7.html]
[themazine.com/html/pinaz/vendor/Camera-master/images/patterns/overlay8.html]
[themazine.com/html/pinaz/vendor/Camera-master/images/patterns/overlay9.html]
[themazine.com/html/pinaz/vendor/Camera-master/images/patterns/overlay10.html]
[themazine.com/html/pinaz/vendor/bootstrap-mega-menu/css/animate.css]
[themazine.com/html/pinaz/vendor/contact-form/validate.js]
[themazine.com/html/pinaz/fonts/icon/font/Flaticon.svg]
[themazine.com/html/pinaz/fonts/font-awesome/fonts/fontawesome-webfont914c.svg]
[themazine.com/html/pinaz/vendor/Camera-master/images/patterns/overlay4.png]
[themazine.com/html/pinaz/vendor/Camera-master/images/patterns/overlay4.png]
[themazine.com/html/pinaz/vendor/owl-carousel/owl.video.play.png]
[themazine.com/html/pinaz/vendor/owl-carousel/owl.video.play.png]
